
> react-kavia@0.1.0 start
> cross-env EDIT_MODE=true webpack serve --config .ve/webpack.config.js --mode development

<i> [webpack-dev-server] Project is running at:
<i> [webpack-dev-server] Loopback: http://localhost:3000/, http://[::1]:3000/
<i> [webpack-dev-server] On Your Network (IPv4): http://172.17.0.2:3000/
<i> [webpack-dev-server] Content not from webpack is served from './public' directory
Injecting EditorRootWrapper import: ../.ve/EditorRootWrapper
asset bundle.js 1.39 MiB [emitted] (name: main)
asset index.html 1.92 KiB [emitted]
runtime modules 27.5 KiB 14 modules
modules by path ./node_modules/ 1.24 MiB 31 modules
modules by path ./src/ 10.2 KiB
  modules by path ./src/*.css 7.49 KiB 4 modules
  modules by path ./src/*.js 2.75 KiB
    ./src/index.js 530 bytes [built] [code generated]
    ./src/App.js 2.24 KiB [built] [code generated]
modules by path ./.ve/ 15.1 KiB
  modules by path ./.ve/*.js 10.6 KiB 2 modules
  modules by path ./.ve/*.css 2.93 KiB
    ./.ve/EditorOverlay.css 2.25 KiB [built] [code generated]
    ./node_modules/css-loader/dist/cjs.js!./.ve/EditorOverlay.css 697 bytes [built] [code generated]
  ./.ve/EditorOverlay.jsx 1.58 KiB [built] [code generated]
webpack 5.99.9 compiled successfully in 1553 ms
assets by status 1.92 KiB [cached] 1 asset
assets by path *.js 1.42 MiB
  asset bundle.js 1.4 MiB [emitted] (name: main)
  asset main.5b0e19ce306a5750fa46.hot-update.js 18 KiB [emitted] [immutable] [hmr] (name: main)
asset main.5b0e19ce306a5750fa46.hot-update.json 28 bytes [emitted] [immutable] [hmr]
Entrypoint main 1.42 MiB = bundle.js 1.4 MiB main.5b0e19ce306a5750fa46.hot-update.js 18 KiB
cached modules 1.26 MiB [cached] 41 modules
runtime modules 27.5 KiB 14 modules
javascript modules 7.9 KiB
  ./src/App.js 3.71 KiB [built] [code generated]
  ./src/pages/HomePage.js 1.07 KiB [built] [code generated]
  ./src/pages/ItineraryPage.js 1.07 KiB [built] [code generated]
  ./src/pages/WeatherPage.js 1.04 KiB [built] [code generated]
  ./src/pages/ChatPage.js 1.02 KiB [built] [code generated]

ERROR in ./src/App.js 3:0-80
Module not found: Error: Can't resolve 'react-router-dom' in '/home/kavia/workspace/code-generation/travelsmart-ai-72-ecad6281/travelsmart_ai/src'
resolve 'react-router-dom' in '/home/kavia/workspace/code-generation/travelsmart-ai-72-ecad6281/travelsmart_ai/src'
  Parsed request is a module
  using description file: /home/kavia/workspace/code-generation/travelsmart-ai-72-ecad6281/travelsmart_ai/package.json (relative path: ./src)
    Field 'browser' doesn't contain a valid alias configuration
    resolve as module
      /home/kavia/workspace/code-generation/travelsmart-ai-72-ecad6281/travelsmart_ai/src/node_modules doesn't exist or is not a directory
      looking for modules in /home/kavia/workspace/code-generation/travelsmart-ai-72-ecad6281/travelsmart_ai/node_modules
        single file module
          using description file: /home/kavia/workspace/code-generation/travelsmart-ai-72-ecad6281/travelsmart_ai/package.json (relative path: ./node_modules/react-router-dom)
            no extension
              Field 'browser' doesn't contain a valid alias configuration
              /home/kavia/workspace/code-generation/travelsmart-ai-72-ecad6281/travelsmart_ai/node_modules/react-router-dom doesn't exist
            .js
              Field 'browser' doesn't contain a valid alias configuration
              /home/kavia/workspace/code-generation/travelsmart-ai-72-ecad6281/travelsmart_ai/node_modules/react-router-dom.js doesn't exist
            .jsx
              Field 'browser' doesn't contain a valid alias configuration
              /home/kavia/workspace/code-generation/travelsmart-ai-72-ecad6281/travelsmart_ai/node_modules/react-router-dom.jsx doesn't exist
        /home/kavia/workspace/code-generation/travelsmart-ai-72-ecad6281/travelsmart_ai/node_modules/react-router-dom doesn't exist
      /home/kavia/workspace/code-generation/travelsmart-ai-72-ecad6281/node_modules doesn't exist or is not a directory
      /home/kavia/workspace/code-generation/node_modules doesn't exist or is not a directory
      /home/kavia/workspace/node_modules doesn't exist or is not a directory
      /home/kavia/node_modules doesn't exist or is not a directory
      /home/node_modules doesn't exist or is not a directory
      /node_modules doesn't exist or is not a directory
 @ ./src/index.js 5:0-24 11:32-35

webpack 5.99.9 compiled with 1 error in 193 ms
assets by status 1.41 MiB [cached] 2 assets
cached modules 1.27 MiB (javascript) 27.5 KiB (runtime) [cached] 60 modules

LOG from webpack.FileSystemInfo
<w> Managed item /home/kavia/workspace/code-generation/travelsmart-ai-72-ecad6281/travelsmart_ai/node_modules/react-router-dom isn't a directory or doesn't contain a package.json (see snapshot.managedPaths option)
+ 13 hidden lines

ERROR in ./src/App.js 3:0-80
Module not found: Error: Can't resolve 'react-router-dom' in '/home/kavia/workspace/code-generation/travelsmart-ai-72-ecad6281/travelsmart_ai/src'
resolve 'react-router-dom' in '/home/kavia/workspace/code-generation/travelsmart-ai-72-ecad6281/travelsmart_ai/src'
  Parsed request is a module
  using description file: /home/kavia/workspace/code-generation/travelsmart-ai-72-ecad6281/travelsmart_ai/package.json (relative path: ./src)
    Field 'browser' doesn't contain a valid alias configuration
    resolve as module
      /home/kavia/workspace/code-generation/travelsmart-ai-72-ecad6281/travelsmart_ai/src/node_modules doesn't exist or is not a directory
      looking for modules in /home/kavia/workspace/code-generation/travelsmart-ai-72-ecad6281/travelsmart_ai/node_modules
        single file module
          using description file: /home/kavia/workspace/code-generation/travelsmart-ai-72-ecad6281/travelsmart_ai/package.json (relative path: ./node_modules/react-router-dom)
            no extension
              Field 'browser' doesn't contain a valid alias configuration
              /home/kavia/workspace/code-generation/travelsmart-ai-72-ecad6281/travelsmart_ai/node_modules/react-router-dom is not a file
            .js
              Field 'browser' doesn't contain a valid alias configuration
              /home/kavia/workspace/code-generation/travelsmart-ai-72-ecad6281/travelsmart_ai/node_modules/react-router-dom.js doesn't exist
            .jsx
              Field 'browser' doesn't contain a valid alias configuration
              /home/kavia/workspace/code-generation/travelsmart-ai-72-ecad6281/travelsmart_ai/node_modules/react-router-dom.jsx doesn't exist
        existing directory /home/kavia/workspace/code-generation/travelsmart-ai-72-ecad6281/travelsmart_ai/node_modules/react-router-dom
          using description file: /home/kavia/workspace/code-generation/travelsmart-ai-72-ecad6281/travelsmart_ai/package.json (relative path: ./node_modules/react-router-dom)
            using description file: /home/kavia/workspace/code-generation/travelsmart-ai-72-ecad6281/travelsmart_ai/package.json (relative path: ./node_modules/react-router-dom)
              no extension
                Field 'browser' doesn't contain a valid alias configuration
                /home/kavia/workspace/code-generation/travelsmart-ai-72-ecad6281/travelsmart_ai/node_modules/react-router-dom is not a file
              .js
                Field 'browser' doesn't contain a valid alias configuration
                /home/kavia/workspace/code-generation/travelsmart-ai-72-ecad6281/travelsmart_ai/node_modules/react-router-dom.js doesn't exist
              .jsx
                Field 'browser' doesn't contain a valid alias configuration
                /home/kavia/workspace/code-generation/travelsmart-ai-72-ecad6281/travelsmart_ai/node_modules/react-router-dom.jsx doesn't exist
              as directory
                existing directory /home/kavia/workspace/code-generation/travelsmart-ai-72-ecad6281/travelsmart_ai/node_modules/react-router-dom
                  using description file: /home/kavia/workspace/code-generation/travelsmart-ai-72-ecad6281/travelsmart_ai/package.json (relative path: ./node_modules/react-router-dom)
                    using path: /home/kavia/workspace/code-generation/travelsmart-ai-72-ecad6281/travelsmart_ai/node_modules/react-router-dom/index
                      using description file: /home/kavia/workspace/code-generation/travelsmart-ai-72-ecad6281/travelsmart_ai/package.json (relative path: ./node_modules/react-router-dom/index)
                        no extension
                          Field 'browser' doesn't contain a valid alias configuration
                          /home/kavia/workspace/code-generation/travelsmart-ai-72-ecad6281/travelsmart_ai/node_modules/react-router-dom/index doesn't exist
                        .js
                          Field 'browser' doesn't contain a valid alias configuration
                          /home/kavia/workspace/code-generation/travelsmart-ai-72-ecad6281/travelsmart_ai/node_modules/react-router-dom/index.js doesn't exist
                        .jsx
                          Field 'browser' doesn't contain a valid alias configuration
                          /home/kavia/workspace/code-generation/travelsmart-ai-72-ecad6281/travelsmart_ai/node_modules/react-router-dom/index.jsx doesn't exist
      /home/kavia/workspace/code-generation/travelsmart-ai-72-ecad6281/node_modules doesn't exist or is not a directory
      /home/kavia/workspace/code-generation/node_modules doesn't exist or is not a directory
      /home/kavia/workspace/node_modules doesn't exist or is not a directory
      /home/kavia/node_modules doesn't exist or is not a directory
      /home/node_modules doesn't exist or is not a directory
      /node_modules doesn't exist or is not a directory
 @ ./src/index.js 5:0-24 11:32-35

webpack 5.99.9 compiled with 1 error in 44 ms
assets by status 1.92 KiB [cached] 1 asset
assets by path *.js 1.41 MiB
  asset bundle.js 1.4 MiB [emitted] (name: main)
  asset main.59d0a9a61e99db5965c8.hot-update.js 9.11 KiB [emitted] [immutable] [hmr] (name: main)
asset main.59d0a9a61e99db5965c8.hot-update.json 28 bytes [emitted] [immutable] [hmr]
Entrypoint main 1.41 MiB = bundle.js 1.4 MiB main.59d0a9a61e99db5965c8.hot-update.js 9.11 KiB
cached modules 1.27 MiB [cached] 45 modules
runtime modules 27.5 KiB 14 modules
javascript modules 4.08 KiB
  ./src/App.js 3.71 KiB [code generated]
  ./node_modules/react-router-dom/dist/index.mjs 383 bytes [built] [code generated]

LOG from webpack.FileSystemInfo
<w> Managed item /home/kavia/workspace/code-generation/travelsmart-ai-72-ecad6281/travelsmart_ai/node_modules/react-router isn't a directory or doesn't contain a package.json (see snapshot.managedPaths option)
+ 13 hidden lines

WARNING in ./src/App.js 13:27-33
export 'BrowserRouter' (imported as 'Router') was not found in 'react-router-dom' (module has no exports)
 @ ./src/index.js 5:0-24 11:32-35

WARNING in ./src/App.js 45:43-47
export 'Link' (imported as 'Link') was not found in 'react-router-dom' (module has no exports)
 @ ./src/index.js 5:0-24 11:32-35

WARNING in ./src/App.js 50:36-40
export 'Link' (imported as 'Link') was not found in 'react-router-dom' (module has no exports)
 @ ./src/index.js 5:0-24 11:32-35

WARNING in ./src/App.js 55:36-40
export 'Link' (imported as 'Link') was not found in 'react-router-dom' (module has no exports)
 @ ./src/index.js 5:0-24 11:32-35

WARNING in ./src/App.js 60:36-40
export 'Link' (imported as 'Link') was not found in 'react-router-dom' (module has no exports)
 @ ./src/index.js 5:0-24 11:32-35

WARNING in ./src/App.js 74:37-43
export 'Routes' (imported as 'Routes') was not found in 'react-router-dom' (module has no exports)
 @ ./src/index.js 5:0-24 11:32-35

WARNING in ./src/App.js 76:39-44
export 'Route' (imported as 'Route') was not found in 'react-router-dom' (module has no exports)
 @ ./src/index.js 5:0-24 11:32-35

WARNING in ./src/App.js 82:32-37
export 'Route' (imported as 'Route') was not found in 'react-router-dom' (module has no exports)
 @ ./src/index.js 5:0-24 11:32-35

WARNING in ./src/App.js 88:32-37
export 'Route' (imported as 'Route') was not found in 'react-router-dom' (module has no exports)
 @ ./src/index.js 5:0-24 11:32-35

WARNING in ./src/App.js 94:32-37
export 'Route' (imported as 'Route') was not found in 'react-router-dom' (module has no exports)
 @ ./src/index.js 5:0-24 11:32-35

ERROR in ./node_modules/react-router-dom/dist/index.mjs 13:0-66
Module not found: Error: Can't resolve 'react-router/dom' in '/home/kavia/workspace/code-generation/travelsmart-ai-72-ecad6281/travelsmart_ai/node_modules/react-router-dom/dist'
resolve 'react-router/dom' in '/home/kavia/workspace/code-generation/travelsmart-ai-72-ecad6281/travelsmart_ai/node_modules/react-router-dom/dist'
  Parsed request is a module
  using description file: /home/kavia/workspace/code-generation/travelsmart-ai-72-ecad6281/travelsmart_ai/node_modules/react-router-dom/package.json (relative path: ./dist)
    Field 'browser' doesn't contain a valid alias configuration
    resolve as module
      /home/kavia/workspace/code-generation/travelsmart-ai-72-ecad6281/travelsmart_ai/node_modules/react-router-dom/dist/node_modules doesn't exist or is not a directory
      /home/kavia/workspace/code-generation/travelsmart-ai-72-ecad6281/travelsmart_ai/node_modules/react-router-dom/node_modules doesn't exist or is not a directory
      /home/kavia/workspace/code-generation/travelsmart-ai-72-ecad6281/travelsmart_ai/node_modules/node_modules doesn't exist or is not a directory
      looking for modules in /home/kavia/workspace/code-generation/travelsmart-ai-72-ecad6281/travelsmart_ai/node_modules
        existing directory /home/kavia/workspace/code-generation/travelsmart-ai-72-ecad6281/travelsmart_ai/node_modules/react-router
          using description file: /home/kavia/workspace/code-generation/travelsmart-ai-72-ecad6281/travelsmart_ai/package.json (relative path: ./node_modules/react-router)
            using description file: /home/kavia/workspace/code-generation/travelsmart-ai-72-ecad6281/travelsmart_ai/package.json (relative path: ./node_modules/react-router/dom)
              Field 'browser' doesn't contain a valid alias configuration
              /home/kavia/workspace/code-generation/travelsmart-ai-72-ecad6281/travelsmart_ai/node_modules/react-router/dom doesn't exist
      /home/kavia/workspace/code-generation/travelsmart-ai-72-ecad6281/node_modules doesn't exist or is not a directory
      /home/kavia/workspace/code-generation/node_modules doesn't exist or is not a directory
      /home/kavia/workspace/node_modules doesn't exist or is not a directory
      /home/kavia/node_modules doesn't exist or is not a directory
      /home/node_modules doesn't exist or is not a directory
      /node_modules doesn't exist or is not a directory
 @ ./src/App.js 3:0-80 13:27-33 45:43-47 50:36-40 55:36-40 60:36-40 74:37-43 76:39-44 82:32-37 88:32-37 94:32-37
 @ ./src/index.js 5:0-24 11:32-35

ERROR in ./node_modules/react-router-dom/dist/index.mjs 14:0-29
Module not found: Error: Can't resolve 'react-router' in '/home/kavia/workspace/code-generation/travelsmart-ai-72-ecad6281/travelsmart_ai/node_modules/react-router-dom/dist'
resolve 'react-router' in '/home/kavia/workspace/code-generation/travelsmart-ai-72-ecad6281/travelsmart_ai/node_modules/react-router-dom/dist'
  Parsed request is a module
  using description file: /home/kavia/workspace/code-generation/travelsmart-ai-72-ecad6281/travelsmart_ai/node_modules/react-router-dom/package.json (relative path: ./dist)
    Field 'browser' doesn't contain a valid alias configuration
    resolve as module
      /home/kavia/workspace/code-generation/travelsmart-ai-72-ecad6281/travelsmart_ai/node_modules/react-router-dom/dist/node_modules doesn't exist or is not a directory
      /home/kavia/workspace/code-generation/travelsmart-ai-72-ecad6281/travelsmart_ai/node_modules/react-router-dom/node_modules doesn't exist or is not a directory
      /home/kavia/workspace/code-generation/travelsmart-ai-72-ecad6281/travelsmart_ai/node_modules/node_modules doesn't exist or is not a directory
      looking for modules in /home/kavia/workspace/code-generation/travelsmart-ai-72-ecad6281/travelsmart_ai/node_modules
        single file module
          using description file: /home/kavia/workspace/code-generation/travelsmart-ai-72-ecad6281/travelsmart_ai/package.json (relative path: ./node_modules/react-router)
            no extension
              Field 'browser' doesn't contain a valid alias configuration
              /home/kavia/workspace/code-generation/travelsmart-ai-72-ecad6281/travelsmart_ai/node_modules/react-router is not a file
            .js
              Field 'browser' doesn't contain a valid alias configuration
              /home/kavia/workspace/code-generation/travelsmart-ai-72-ecad6281/travelsmart_ai/node_modules/react-router.js doesn't exist
            .jsx
              Field 'browser' doesn't contain a valid alias configuration
              /home/kavia/workspace/code-generation/travelsmart-ai-72-ecad6281/travelsmart_ai/node_modules/react-router.jsx doesn't exist
        existing directory /home/kavia/workspace/code-generation/travelsmart-ai-72-ecad6281/travelsmart_ai/node_modules/react-router
          using description file: /home/kavia/workspace/code-generation/travelsmart-ai-72-ecad6281/travelsmart_ai/package.json (relative path: ./node_modules/react-router)
            using description file: /home/kavia/workspace/code-generation/travelsmart-ai-72-ecad6281/travelsmart_ai/package.json (relative path: ./node_modules/react-router)
              no extension
                Field 'browser' doesn't contain a valid alias configuration
                /home/kavia/workspace/code-generation/travelsmart-ai-72-ecad6281/travelsmart_ai/node_modules/react-router is not a file
              .js
                Field 'browser' doesn't contain a valid alias configuration
                /home/kavia/workspace/code-generation/travelsmart-ai-72-ecad6281/travelsmart_ai/node_modules/react-router.js doesn't exist
              .jsx
                Field 'browser' doesn't contain a valid alias configuration
                /home/kavia/workspace/code-generation/travelsmart-ai-72-ecad6281/travelsmart_ai/node_modules/react-router.jsx doesn't exist
              as directory
                existing directory /home/kavia/workspace/code-generation/travelsmart-ai-72-ecad6281/travelsmart_ai/node_modules/react-router
                  using description file: /home/kavia/workspace/code-generation/travelsmart-ai-72-ecad6281/travelsmart_ai/package.json (relative path: ./node_modules/react-router)
                    using path: /home/kavia/workspace/code-generation/travelsmart-ai-72-ecad6281/travelsmart_ai/node_modules/react-router/index
                      using description file: /home/kavia/workspace/code-generation/travelsmart-ai-72-ecad6281/travelsmart_ai/package.json (relative path: ./node_modules/react-router/index)
                        no extension
                          Field 'browser' doesn't contain a valid alias configuration
                          /home/kavia/workspace/code-generation/travelsmart-ai-72-ecad6281/travelsmart_ai/node_modules/react-router/index doesn't exist
                        .js
                          Field 'browser' doesn't contain a valid alias configuration
                          /home/kavia/workspace/code-generation/travelsmart-ai-72-ecad6281/travelsmart_ai/node_modules/react-router/index.js doesn't exist
                        .jsx
                          Field 'browser' doesn't contain a valid alias configuration
                          /home/kavia/workspace/code-generation/travelsmart-ai-72-ecad6281/travelsmart_ai/node_modules/react-router/index.jsx doesn't exist
      /home/kavia/workspace/code-generation/travelsmart-ai-72-ecad6281/node_modules doesn't exist or is not a directory
      /home/kavia/workspace/code-generation/node_modules doesn't exist or is not a directory
      /home/kavia/workspace/node_modules doesn't exist or is not a directory
      /home/kavia/node_modules doesn't exist or is not a directory
      /home/node_modules doesn't exist or is not a directory
      /node_modules doesn't exist or is not a directory
 @ ./src/App.js 3:0-80 13:27-33 45:43-47 50:36-40 55:36-40 60:36-40 74:37-43 76:39-44 82:32-37 88:32-37 94:32-37
 @ ./src/index.js 5:0-24 11:32-35

webpack 5.99.9 compiled with 2 errors and 10 warnings in 71 ms
assets by status 1.41 MiB [cached] 2 assets
cached modules 1.27 MiB (javascript) 27.5 KiB (runtime) [cached] 61 modules

WARNING in ./src/App.js 13:27-33
export 'BrowserRouter' (imported as 'Router') was not found in 'react-router-dom' (module has no exports)
 @ ./src/index.js 5:0-24 11:32-35

WARNING in ./src/App.js 45:43-47
export 'Link' (imported as 'Link') was not found in 'react-router-dom' (module has no exports)
 @ ./src/index.js 5:0-24 11:32-35

WARNING in ./src/App.js 50:36-40
export 'Link' (imported as 'Link') was not found in 'react-router-dom' (module has no exports)
 @ ./src/index.js 5:0-24 11:32-35

WARNING in ./src/App.js 55:36-40
export 'Link' (imported as 'Link') was not found in 'react-router-dom' (module has no exports)
 @ ./src/index.js 5:0-24 11:32-35

WARNING in ./src/App.js 60:36-40
export 'Link' (imported as 'Link') was not found in 'react-router-dom' (module has no exports)
 @ ./src/index.js 5:0-24 11:32-35

WARNING in ./src/App.js 74:37-43
export 'Routes' (imported as 'Routes') was not found in 'react-router-dom' (module has no exports)
 @ ./src/index.js 5:0-24 11:32-35

WARNING in ./src/App.js 76:39-44
export 'Route' (imported as 'Route') was not found in 'react-router-dom' (module has no exports)
 @ ./src/index.js 5:0-24 11:32-35

WARNING in ./src/App.js 82:32-37
export 'Route' (imported as 'Route') was not found in 'react-router-dom' (module has no exports)
 @ ./src/index.js 5:0-24 11:32-35

WARNING in ./src/App.js 88:32-37
export 'Route' (imported as 'Route') was not found in 'react-router-dom' (module has no exports)
 @ ./src/index.js 5:0-24 11:32-35

WARNING in ./src/App.js 94:32-37
export 'Route' (imported as 'Route') was not found in 'react-router-dom' (module has no exports)
 @ ./src/index.js 5:0-24 11:32-35

ERROR in ./node_modules/react-router-dom/dist/index.mjs 13:0-66
Module not found: Error: Can't resolve 'react-router/dom' in '/home/kavia/workspace/code-generation/travelsmart-ai-72-ecad6281/travelsmart_ai/node_modules/react-router-dom/dist'
resolve 'react-router/dom' in '/home/kavia/workspace/code-generation/travelsmart-ai-72-ecad6281/travelsmart_ai/node_modules/react-router-dom/dist'
  Parsed request is a module
  using description file: /home/kavia/workspace/code-generation/travelsmart-ai-72-ecad6281/travelsmart_ai/node_modules/react-router-dom/package.json (relative path: ./dist)
    Field 'browser' doesn't contain a valid alias configuration
    resolve as module
      /home/kavia/workspace/code-generation/travelsmart-ai-72-ecad6281/travelsmart_ai/node_modules/react-router-dom/dist/node_modules doesn't exist or is not a directory
      /home/kavia/workspace/code-generation/travelsmart-ai-72-ecad6281/travelsmart_ai/node_modules/react-router-dom/node_modules doesn't exist or is not a directory
      /home/kavia/workspace/code-generation/travelsmart-ai-72-ecad6281/travelsmart_ai/node_modules/node_modules doesn't exist or is not a directory
      looking for modules in /home/kavia/workspace/code-generation/travelsmart-ai-72-ecad6281/travelsmart_ai/node_modules
        existing directory /home/kavia/workspace/code-generation/travelsmart-ai-72-ecad6281/travelsmart_ai/node_modules/react-router
          using description file: /home/kavia/workspace/code-generation/travelsmart-ai-72-ecad6281/travelsmart_ai/node_modules/react-router/package.json (relative path: .)
            using exports field: ./dist/development/dom-export.mjs
              using description file: /home/kavia/workspace/code-generation/travelsmart-ai-72-ecad6281/travelsmart_ai/node_modules/react-router/package.json (relative path: ./dist/development/dom-export.mjs)
                Field 'browser' doesn't contain a valid alias configuration
                /home/kavia/workspace/code-generation/travelsmart-ai-72-ecad6281/travelsmart_ai/node_modules/react-router/dist/development/dom-export.mjs doesn't exist
      /home/kavia/workspace/code-generation/travelsmart-ai-72-ecad6281/node_modules doesn't exist or is not a directory
      /home/kavia/workspace/code-generation/node_modules doesn't exist or is not a directory
      /home/kavia/workspace/node_modules doesn't exist or is not a directory
      /home/kavia/node_modules doesn't exist or is not a directory
      /home/node_modules doesn't exist or is not a directory
      /node_modules doesn't exist or is not a directory
 @ ./src/App.js 3:0-80 13:27-33 45:43-47 50:36-40 55:36-40 60:36-40 74:37-43 76:39-44 82:32-37 88:32-37 94:32-37
 @ ./src/index.js 5:0-24 11:32-35

ERROR in ./node_modules/react-router-dom/dist/index.mjs 14:0-29
Module not found: Error: Can't resolve 'react-router' in '/home/kavia/workspace/code-generation/travelsmart-ai-72-ecad6281/travelsmart_ai/node_modules/react-router-dom/dist'
resolve 'react-router' in '/home/kavia/workspace/code-generation/travelsmart-ai-72-ecad6281/travelsmart_ai/node_modules/react-router-dom/dist'
  Parsed request is a module
  using description file: /home/kavia/workspace/code-generation/travelsmart-ai-72-ecad6281/travelsmart_ai/node_modules/react-router-dom/package.json (relative path: ./dist)
    Field 'browser' doesn't contain a valid alias configuration
    resolve as module
      /home/kavia/workspace/code-generation/travelsmart-ai-72-ecad6281/travelsmart_ai/node_modules/react-router-dom/dist/node_modules doesn't exist or is not a directory
      /home/kavia/workspace/code-generation/travelsmart-ai-72-ecad6281/travelsmart_ai/node_modules/react-router-dom/node_modules doesn't exist or is not a directory
      /home/kavia/workspace/code-generation/travelsmart-ai-72-ecad6281/travelsmart_ai/node_modules/node_modules doesn't exist or is not a directory
      looking for modules in /home/kavia/workspace/code-generation/travelsmart-ai-72-ecad6281/travelsmart_ai/node_modules
        single file module
          using description file: /home/kavia/workspace/code-generation/travelsmart-ai-72-ecad6281/travelsmart_ai/package.json (relative path: ./node_modules/react-router)
            no extension
              Field 'browser' doesn't contain a valid alias configuration
              /home/kavia/workspace/code-generation/travelsmart-ai-72-ecad6281/travelsmart_ai/node_modules/react-router is not a file
            .js
              Field 'browser' doesn't contain a valid alias configuration
              /home/kavia/workspace/code-generation/travelsmart-ai-72-ecad6281/travelsmart_ai/node_modules/react-router.js doesn't exist
            .jsx
              Field 'browser' doesn't contain a valid alias configuration
              /home/kavia/workspace/code-generation/travelsmart-ai-72-ecad6281/travelsmart_ai/node_modules/react-router.jsx doesn't exist
        existing directory /home/kavia/workspace/code-generation/travelsmart-ai-72-ecad6281/travelsmart_ai/node_modules/react-router
          using description file: /home/kavia/workspace/code-generation/travelsmart-ai-72-ecad6281/travelsmart_ai/node_modules/react-router/package.json (relative path: .)
            using exports field: ./dist/development/index.mjs
              using description file: /home/kavia/workspace/code-generation/travelsmart-ai-72-ecad6281/travelsmart_ai/node_modules/react-router/package.json (relative path: ./dist/development/index.mjs)
                no extension
                  Field 'browser' doesn't contain a valid alias configuration
                  /home/kavia/workspace/code-generation/travelsmart-ai-72-ecad6281/travelsmart_ai/node_modules/react-router/dist/development/index.mjs doesn't exist
                .js
                  Field 'browser' doesn't contain a valid alias configuration
                  /home/kavia/workspace/code-generation/travelsmart-ai-72-ecad6281/travelsmart_ai/node_modules/react-router/dist/development/index.mjs.js doesn't exist
                .jsx
                  Field 'browser' doesn't contain a valid alias configuration
                  /home/kavia/workspace/code-generation/travelsmart-ai-72-ecad6281/travelsmart_ai/node_modules/react-router/dist/development/index.mjs.jsx doesn't exist
                as directory
                  /home/kavia/workspace/code-generation/travelsmart-ai-72-ecad6281/travelsmart_ai/node_modules/react-router/dist/development/index.mjs doesn't exist
      /home/kavia/workspace/code-generation/travelsmart-ai-72-ecad6281/node_modules doesn't exist or is not a directory
      /home/kavia/workspace/code-generation/node_modules doesn't exist or is not a directory
      /home/kavia/workspace/node_modules doesn't exist or is not a directory
      /home/kavia/node_modules doesn't exist or is not a directory
      /home/node_modules doesn't exist or is not a directory
      /node_modules doesn't exist or is not a directory
 @ ./src/App.js 3:0-80 13:27-33 45:43-47 50:36-40 55:36-40 60:36-40 74:37-43 76:39-44 82:32-37 88:32-37 94:32-37
 @ ./src/index.js 5:0-24 11:32-35

webpack 5.99.9 compiled with 2 errors and 10 warnings in 37 ms
assets by status 1.92 KiB [cached] 1 asset
assets by path *.js 2.29 MiB
  asset bundle.js 1.85 MiB [emitted] (name: main)
  asset main.8a256d29ec2f6218712e.hot-update.js 454 KiB [emitted] [immutable] [hmr] (name: main)
asset main.8a256d29ec2f6218712e.hot-update.json 28 bytes [emitted] [immutable] [hmr]
Entrypoint main 2.29 MiB = bundle.js 1.85 MiB main.8a256d29ec2f6218712e.hot-update.js 454 KiB
cached modules 1.27 MiB [cached] 46 modules
runtime modules 27.5 KiB 14 modules
javascript modules 392 KiB
  modules by path ./node_modules/react-router/ 385 KiB
    ./node_modules/react-router/dist/development/dom-export.mjs 6.86 KiB [built] [code generated]
    ./node_modules/react-router/dist/development/index.mjs 5.61 KiB [built] [code generated]
    ./node_modules/react-router/dist/development/chunk-NL6KNZEE.mjs 365 KiB [built] [code generated]
    ./node_modules/react-router/node_modules/cookie/dist/index.js 8.14 KiB [built] [code generated]
  ./node_modules/react-router-dom/dist/index.mjs 383 bytes [code generated]
  ./node_modules/set-cookie-parser/lib/set-cookie.js 6.47 KiB [built] [code generated]

WARNING in ./src/App.js 13:27-33
export 'BrowserRouter' (imported as 'Router') was not found in 'react-router-dom' (module has no exports)
 @ ./src/index.js 5:0-24 11:32-35

WARNING in ./src/App.js 45:43-47
export 'Link' (imported as 'Link') was not found in 'react-router-dom' (module has no exports)
 @ ./src/index.js 5:0-24 11:32-35

WARNING in ./src/App.js 50:36-40
export 'Link' (imported as 'Link') was not found in 'react-router-dom' (module has no exports)
 @ ./src/index.js 5:0-24 11:32-35

WARNING in ./src/App.js 55:36-40
export 'Link' (imported as 'Link') was not found in 'react-router-dom' (module has no exports)
 @ ./src/index.js 5:0-24 11:32-35

WARNING in ./src/App.js 60:36-40
export 'Link' (imported as 'Link') was not found in 'react-router-dom' (module has no exports)
 @ ./src/index.js 5:0-24 11:32-35

WARNING in ./src/App.js 74:37-43
export 'Routes' (imported as 'Routes') was not found in 'react-router-dom' (module has no exports)
 @ ./src/index.js 5:0-24 11:32-35

WARNING in ./src/App.js 76:39-44
export 'Route' (imported as 'Route') was not found in 'react-router-dom' (module has no exports)
 @ ./src/index.js 5:0-24 11:32-35

WARNING in ./src/App.js 82:32-37
export 'Route' (imported as 'Route') was not found in 'react-router-dom' (module has no exports)
 @ ./src/index.js 5:0-24 11:32-35

WARNING in ./src/App.js 88:32-37
export 'Route' (imported as 'Route') was not found in 'react-router-dom' (module has no exports)
 @ ./src/index.js 5:0-24 11:32-35

WARNING in ./src/App.js 94:32-37
export 'Route' (imported as 'Route') was not found in 'react-router-dom' (module has no exports)
 @ ./src/index.js 5:0-24 11:32-35

webpack 5.99.9 compiled with 10 warnings in 317 ms
Injecting EditorRootWrapper import: ../.ve/EditorRootWrapper
assets by path *.js 1.85 MiB
  asset bundle.js 1.85 MiB [emitted] (name: main)
  asset main.00463b50dfbb56bc9eac.hot-update.js 854 bytes [emitted] [immutable] [hmr] (name: main)
asset index.html 1.92 KiB [emitted]
asset main.00463b50dfbb56bc9eac.hot-update.json 28 bytes [emitted] [immutable] [hmr]
Entrypoint main 1.85 MiB = bundle.js 1.85 MiB main.00463b50dfbb56bc9eac.hot-update.js 854 bytes
cached modules 1.63 MiB [cached] 43 modules
runtime modules 27.5 KiB 14 modules
javascript modules 20.6 KiB
  modules by path ./src/ 8.41 KiB
    modules by path ./src/pages/*.js 4.19 KiB
      ./src/pages/HomePage.js 1.07 KiB [built]
      ./src/pages/ItineraryPage.js 1.07 KiB [built]
      + 2 modules
    modules by path ./src/*.js 4.22 KiB
      ./src/index.js 530 bytes [built]
      ./src/App.js 3.71 KiB [built]
  modules by path ./.ve/ 12.2 KiB
    ./.ve/EditorRootWrapper.js 2.68 KiB [built]
    ./.ve/EditorOverlay.jsx 1.58 KiB [built]
    ./.ve/SidePanel.js 7.93 KiB [built]

WARNING in ./src/App.js 13:27-33
export 'BrowserRouter' (imported as 'Router') was not found in 'react-router-dom' (module has no exports)
 @ ./src/index.js 5:0-24 11:32-35

WARNING in ./src/App.js 45:43-47
export 'Link' (imported as 'Link') was not found in 'react-router-dom' (module has no exports)
 @ ./src/index.js 5:0-24 11:32-35

WARNING in ./src/App.js 50:36-40
export 'Link' (imported as 'Link') was not found in 'react-router-dom' (module has no exports)
 @ ./src/index.js 5:0-24 11:32-35

WARNING in ./src/App.js 55:36-40
export 'Link' (imported as 'Link') was not found in 'react-router-dom' (module has no exports)
 @ ./src/index.js 5:0-24 11:32-35

WARNING in ./src/App.js 60:36-40
export 'Link' (imported as 'Link') was not found in 'react-router-dom' (module has no exports)
 @ ./src/index.js 5:0-24 11:32-35

WARNING in ./src/App.js 74:37-43
export 'Routes' (imported as 'Routes') was not found in 'react-router-dom' (module has no exports)
 @ ./src/index.js 5:0-24 11:32-35

WARNING in ./src/App.js 76:39-44
export 'Route' (imported as 'Route') was not found in 'react-router-dom' (module has no exports)
 @ ./src/index.js 5:0-24 11:32-35

WARNING in ./src/App.js 82:32-37
export 'Route' (imported as 'Route') was not found in 'react-router-dom' (module has no exports)
 @ ./src/index.js 5:0-24 11:32-35

WARNING in ./src/App.js 88:32-37
export 'Route' (imported as 'Route') was not found in 'react-router-dom' (module has no exports)
 @ ./src/index.js 5:0-24 11:32-35

WARNING in ./src/App.js 94:32-37
export 'Route' (imported as 'Route') was not found in 'react-router-dom' (module has no exports)
 @ ./src/index.js 5:0-24 11:32-35

webpack 5.99.9 compiled with 10 warnings in 191 ms
